// Jest Snapshot v1, https://goo.gl/fbAQLP

exports[`renders ProgramCard unchanged 1`] = `
<div>
  <div
    class="root"
  >
    <img
      alt="Mercado Libre Logo"
      class="logo"
      src="MLLogo.png"
    />
    <div
      class="root"
    >
      <input
        class="inputSearch"
        placeholder="Nunca dejes de buscar"
        type="text"
        value=""
      />
      <button
        class="buttonSearch"
      >
        <img
          alt="Icono de busqueda"
          class="searchIcon"
          src="searchIconBig.png"
        />
      </button>
    </div>
  </div>
</div>
`;
